stdout of test '05` in directory 'sql/benchmarks/tpch/LOCKED` itself:


# 12:34:32 >  
# 12:34:32 >  Mtimeout -timeout 180 Mserver "--config=/ufs/fabian/scratch/monetdb/current/program-x86_64/etc/MonetDB.conf" --debug=10 --set "monet_mod_path=/ufs/fabian/scratch/monetdb/current/program-x86_64/lib/MonetDB:/ufs/fabian/scratch/monetdb/current/program-x86_64/lib/bin" --set "gdk_dbfarm=/ufs/fabian/scratch/monetdb/current/program-x86_64/var/MonetDB/dbfarm" --set "sql_logdir=/ufs/fabian/scratch/monetdb/current/program-x86_64/var/MonetDB/log" --set mapi_port=38933 --set sql_port=45579 --set xquery_port=52530 --set monet_prompt= --trace "--dbname=mTests_src_benchmarks_tpch" --dbinit="module(sql_server); sql_server_start();" ; echo ; echo Over..
# 12:34:32 >  

# Monet Database Server V4.9.3
# Copyright (c) 1993-2005, CWI. All rights reserved.
# Compiled for x86_64-redhat-linux-gnu/64bit with 64bit OIDs; dynamically linked.
# Visit http://monetdb.cwi.nl/ for further information.


Ready.


# 11:47:56 >  
# 11:47:56 >  Mtimeout -timeout 60 MapiClient -lsql -umonetdb -Pmonetdb --host=localhost --port=35781  < 05.sql
# 11:47:56 >  

% sys.nation,	sys. # table_name
% n_name,	revenue # name
% varchar,	decimal # type
% 9,	21 # length
[ "VIETNAM",	1000926.6999	]
[ "CHINA",	740210.7570	]
[ "JAPAN",	660651.2425	]
[ "INDONESIA",	566379.5276	]
[ "INDIA",	422874.6844	]
% .stats,	.stats # table_name
% rewrite,	count # name
% clob,	int # type
% 7,	1 # length
[ "joinidx",	5	]

# 09:17:14 >  
# 09:17:14 >  Done.
# 09:17:14 >  

