stdout of test '13` in directory 'sql/benchmarks/tpch/LOCKED` itself:


# 16:02:04 >  
# 16:02:04 >   mserver5 "--config=/ufs/niels/scratch/monetdb/Linux-x86_64/etc/monetdb5.conf" --debug=10 --set gdk_nr_threads=4 --set "monet_mod_path=/ufs/niels/scratch/monetdb/Linux-x86_64/lib/MonetDB5:/ufs/niels/scratch/monetdb/Linux-x86_64/lib/MonetDB5/lib:/ufs/niels/scratch/monetdb/Linux-x86_64/lib/MonetDB5/bin" --set "gdk_dbfarm=/ufs/niels/scratch/monetdb/Linux-x86_64/var/MonetDB5/dbfarm" --set "sql_logdir=/ufs/niels/scratch/monetdb/Linux-x86_64/var/MonetDB5/sql_logs"  --set mapi_open=true --set xrpc_open=true --set mapi_port=34442 --set xrpc_port=47029 --set monet_prompt= --trace  "--dbname=mTests_src_benchmarks_tpch" --set mal_listing=0 "--dbinit= include sql;" ; echo ; echo Over..
# 16:02:04 >  

# MonetDB server v5.7.0, based on kernel v1.25.0
# Serving database 'mTests_src_benchmarks_tpch', using 4 threads
# Compiled for x86_64-unknown-linux-gnu/64bit with 64bit OIDs dynamically linked
# Copyright (c) 1993-2008 CWI, all rights reserved
# Visit http://monetdb.cwi.nl/ for further information
# Listening for connection requests on mapi:monetdb://alf.ins.cwi.nl:34442/
# MonetDB/SQL module v2.25.0 loaded

Ready.
#function user.main():void;
#    clients.quit();
#end main;


# 11:48:01 >  
# 11:48:01 >  Mtimeout -timeout 60 MapiClient -lsql -umonetdb -Pmonetdb --host=localhost --port=35781  < 13.sql
# 11:48:01 >  

% .c_orders,	.c_orders # table_name
% c_count,	custdist # name
% wrd,	wrd # type
% 2,	3 # length
[ 0,	500	]
[ 11,	70	]
[ 10,	70	]
[ 9,	62	]
[ 12,	61	]
[ 8,	61	]
[ 13,	55	]
[ 14,	52	]
[ 20,	48	]
[ 19,	46	]
[ 16,	44	]
[ 7,	44	]
[ 21,	42	]
[ 15,	42	]
[ 18,	40	]
[ 17,	38	]
[ 22,	35	]
[ 6,	32	]
[ 24,	31	]
[ 23,	30	]
[ 25,	20	]
[ 26,	19	]
[ 5,	15	]
[ 27,	12	]
[ 29,	8	]
[ 4,	8	]
[ 28,	4	]
[ 32,	3	]
[ 31,	3	]
[ 3,	2	]
[ 2,	2	]
[ 30,	1	]
% .stats,	.stats # table_name
% rewrite,	count # name
% clob,	int # type
% 7,	1 # length
[ "joinidx",	1	]

# 09:17:17 >  
# 09:17:17 >  Done.
# 09:17:17 >  

