stdout of test 'func01` in directory 'monetdb5/extras/jaql` itself:


# 20:16:10 >  
# 20:16:10 >  "mserver5" "--debug=10" "--set" "gdk_nr_threads=0" "--set" "gdk_dbfarm=/net/sofia.ins.cwi.nl/export/scratch1/fabian/tmp/mtest-jacqueline-sofia.ins.cwi.nl/five/dbfarm" "--set" "mapi_open=true" "--set" "mapi_port=37633" "--set" "monet_prompt=" "--trace" "--forcemito" "--set" "mal_listing=2" "--dbname=mTests_extras_jaql" "func01.mal"
# 20:16:10 >  

# MonetDB 5 server v11.8.0 "jacqueline-6964bb75810c"
# Serving database 'mTests_extras_jaql', using 8 threads
# Compiled for x86_64-pc-linux-gnu/64bit with 64bit OIDs dynamically linked
# Found 15.630 GiB available main-memory.
# Copyright (c) 1993-July 2008 CWI.
# Copyright (c) August 2008-2013 MonetDB B.V., all rights reserved
# Visit http://www.monetdb.org/ for further information
# Listening for connection requests on mapi:monetdb://sofia.ins.cwi.nl:37633/
# MonetDB/GIS module loaded
# MonetDB/SQL module loaded
function user.main():void;
# test of groupable functions 
    jaql.x("[1,2,3] -> sum();");
    jaql.x("[1,2,3] -> avg();");
    jaql.x("sum([1.2,2.4,3.6]);");
    jaql.x("avg([1.2,2.4,3.6]);");
    jaql.x("count([1.2,5,3.6,8,\"bla\"]);");
# groupable, but with singleton arguments 
    jaql.x("range(6);");
    jaql.x("range(4,8);");
    jaql.x("range(3,11,3);");
end main;
[ 6 ]
[ 2.000000 ]
[ 7.200000 ]
[ 2.400000 ]
[ 5 ]
[ 0, 1, 2, 3, 4, 5 ]
[ 4, 5, 6, 7, 8 ]
[ 3, 6, 9 ]


# 20:16:10 >  
# 20:16:10 >  "Done."
# 20:16:10 >  

