stdout of test 'cst00` in directory 'monetdb5/optimizer` itself:


# 08:40:57 >  
# 08:40:57 >  Mtimeout -timeout 60 mserver5 "--config=/ufs/mk/monet5/Linux/etc/MonetDB5.conf" --debug=10 --set "monet_mod_path=/ufs/mk/monet5/Linux/lib/MonetDB5:/ufs/mk/opensource/MonetDB/Linux/lib/MonetDB" --set "gdk_dbfarm=/ufs/mk/monet5/Linux/var/MonetDB5/dbfarm" --set "sql_logdir=/ufs/mk/monet5/Linux/var/MonetDB5/dblogs" --set mapi_port=30072 --set monet_prompt= --trace --dbname=mTests_src_optimizer  cst00.mal < /dev/null
# 08:40:57 >  

# MonetDB Server v4.99.19
# Copyright (c) 1993-2006 CWI, all rights reserved
# Compiled for x86_64-redhat-linux-gnu/64bit with 64bit OIDs dynamically linked
# config:/ufs/mk/monet5/Linux/etc/MonetDB5.conf
# dbfarm:/ufs/mk/monet5/Linux/var/MonetDB5/dbfarm
# dbname:mTests_src_optimizer
# Visit http://monetdb.cwi.nl/ for further information
# Listening for connection requests on mapi:monetdb://eir.ins.cwi.nl:37874/
function user.tst():void;
    a := calc.+(1,1);
    io.print(a);
    b := 2;
    io.print(b);
    c := calc.*(3,b);
    io.print(c);
    d := calc.flt(c);
    io.print(d);
    e := mmath.sin(d);
    io.print(e);
end tst;
function user.main():void;
# testing simple constant expression optimizations 
    mdb.List("user","tst");
end main;
function user.tst():void;               #  0 tst:void := user.tst() 
    a := 2:int;                         #  1 a:int := _5:int 
    io.print(2:int);                    #  2 _3:void := IOprint_val(_5:int) 
    b := 2:int;                         #  3 b:int := _5:int 
    io.print(2:int);                    #  4 _6:void := IOprint_val(_5:int) 
    c := 6:int;                         #  5 c:int := _14:int 
    io.print(6:int);                    #  6 _9:void := IOprint_val(_14:int) 
    d := 6:flt;                         #  7 d:flt := _15:flt 
    io.print(6:flt);                    #  8 _11:void := IOprint_val(_15:flt) 
    e := -0.279415488:flt;              #  9 e:flt := _16:flt 
    io.print(-0.279415488:flt);         # 10 _13:void := IOprint_val(_16:flt) 
end tst;                                # 11  

# 08:40:57 >  
# 08:40:57 >  Done.
# 08:40:57 >  

