stdout of test 'tst009` in directory 'monetdb5/mal` itself:


# 07:58:35 >  
# 07:58:35 >  Mtimeout -timeout 60 Mserver "--config=/ufs/mk/monet5/Linux/etc/MonetDB5.conf" --debug=10 --set "monet_mod_path=/ufs/mk/monet5/Linux/lib/MonetDB5:/ufs/mk/opensource/MonetDB/Linux/lib/MonetDB" --set "gdk_dbfarm=/ufs/mk/monet5/Linux/var/MonetDB5/dbfarm" --set "sql_logdir=/ufs/mk/monet5/Linux/var/MonetDB5/log" --set mapi_port=42158 --set sql_port=55708 --set monet_prompt= --trace "--config=/ufs/mk/monet5/src/mal/Tests/All.conf" --dbname=mTests_src_mal  tst009.mal </dev/null
# 07:58:35 >  

# Monet Database Server V4.99.19
# Copyright (c) 1993-2004, CWI. All rights reserved.
# Compiled for i686-redhat-linux-gnu/32bit; dynamically linked.
# config:/ufs/mk/monet5/Linux/etc/MonetDB5.conf
# dbfarm:/ufs/mk/monet5/Linux/var/MonetDB5/dbfarm
# dbname:mTests_src_mal
# Visit http://monetdb.cwi.nl/ for further information.
#call("print(1);");
#call("print(\"hello\");");
#call("s:=\"goodbye\";print(s);");
#
function user.main():void;
    language.call("io.print(1);");
    language.call("io.print(\"hello\");");
    language.call("s:=\"goodbye\";io.print(s);");
# tricky due to double unquoting  
    language.call("language.call(\"io.print(\\\\\"hello\\\\\");\");");
end main;
function user.main():void;
    io.print(1);
end main;
[ 1 ]
function user.main():void;
    io.print("hello");
end main;
[ "hello" ]
function user.main():void;
    s := "goodbye";
    io.print(s);
end main;
[ "goodbye" ]
function user.main():void;
    language.call("io.print(\"hello\");");
end main;
function user.main():void;
    io.print("hello");
end main;
[ "hello" ]

# 07:58:35 >  
# 07:58:35 >  Done.
# 07:58:35 >  

