stdout of test 'tst014` in directory 'monetdb5/mal` itself:


# 07:58:37 >  
# 07:58:37 >  Mtimeout -timeout 60 Mserver "--config=/ufs/mk/monet5/Linux/etc/MonetDB5.conf" --debug=10 --set "monet_mod_path=/ufs/mk/monet5/Linux/lib/MonetDB5:/ufs/mk/opensource/MonetDB/Linux/lib/MonetDB" --set "gdk_dbfarm=/ufs/mk/monet5/Linux/var/MonetDB5/dbfarm" --set "sql_logdir=/ufs/mk/monet5/Linux/var/MonetDB5/log" --set mapi_port=42158 --set sql_port=55708 --set monet_prompt= --trace "--config=/ufs/mk/monet5/src/mal/Tests/All.conf" --dbname=mTests_src_mal  tst014.mal </dev/null
# 07:58:37 >  

# Monet Database Server V4.99.19
# Copyright (c) 1993-2004, CWI. All rights reserved.
# Compiled for i686-redhat-linux-gnu/32bit; dynamically linked.
# config:/ufs/mk/monet5/Linux/etc/MonetDB5.conf
# dbfarm:/ufs/mk/monet5/Linux/var/MonetDB5/dbfarm
# dbname:mTests_src_mal
# Visit http://monetdb.cwi.nl/ for further information.
## conditionally redo a block
#	i:=1;
#barrier b:= ==(i,1);
#	i:= i+1;
#	print(i);
#	redo b:= <(i,3);
#exit 	b;
#
function user.main():void;
# conditionally redo a block 
    i := 1;
barrier b := calc.==(i,1);
    i := calc.+(i,1);
    io.print(i);
    redo b := calc.<(i,3);
exit b;
end main;
[ 2 ]
[ 3 ]

# 07:58:37 >  
# 07:58:37 >  Done.
# 07:58:37 >  

