stdout of test 'lsst` in directory 'sql/backends/monet5/LSST` itself:


# 19:55:25 >  
# 19:55:25 >   mserver5  --debug=10 --set gdk_nr_threads=4  --set "gdk_dbfarm=/home/niels/scratch/monetdb/Linux-x86_64/var/MonetDB" --set mapi_open=true --set mapi_port=37236 --set monet_prompt= --trace --forcemito --set mal_listing=2  "--dbname=mTests_backends_monet5_LSST" --set mal_listing=0 ; echo ; echo Over..
# 19:55:25 >  

# MonetDB 5 server v11.6.0
# This is an unreleased version
# Serving database 'mTests_backends_monet5_LSST', using 4 threads
# Compiled for x86_64-unknown-linux-gnu/64bit with 64bit OIDs dynamically linked
# Found 3.788 GiB available main-memory.
# Copyright (c) 1993-July 2008 CWI.
# Copyright (c) August 2008-2013 MonetDB B.V., all rights reserved
# Visit http://www.monetdb.org/ for further information
# Listening for connection requests on mapi:monetdb://niels.nesco.mine.nu:37236/
# MonetDB/GIS module loaded
# MonetDB/SQL module loaded

Ready.
# SQL catalog created, loading sql scripts once
# SQL loading sql scripts /home/niels/scratch/monetdb/Linux-x86_64/lib/monetdb5/createdb/09_like.sql
# SQL loading sql scripts /home/niels/scratch/monetdb/Linux-x86_64/lib/monetdb5/createdb/10_math.sql
# SQL loading sql scripts /home/niels/scratch/monetdb/Linux-x86_64/lib/monetdb5/createdb/11_times.sql
# SQL loading sql scripts /home/niels/scratch/monetdb/Linux-x86_64/lib/monetdb5/createdb/12_url.sql
# SQL loading sql scripts /home/niels/scratch/monetdb/Linux-x86_64/lib/monetdb5/createdb/13_date.sql
# SQL loading sql scripts /home/niels/scratch/monetdb/Linux-x86_64/lib/monetdb5/createdb/14_inet.sql
# SQL loading sql scripts /home/niels/scratch/monetdb/Linux-x86_64/lib/monetdb5/createdb/15_history.sql
# SQL loading sql scripts /home/niels/scratch/monetdb/Linux-x86_64/lib/monetdb5/createdb/16_tracelog.sql
# SQL loading sql scripts /home/niels/scratch/monetdb/Linux-x86_64/lib/monetdb5/createdb/17_compress.sql
# SQL loading sql scripts /home/niels/scratch/monetdb/Linux-x86_64/lib/monetdb5/createdb/18_dictionary.sql
# SQL loading sql scripts /home/niels/scratch/monetdb/Linux-x86_64/lib/monetdb5/createdb/19_cluster.sql
# SQL loading sql scripts /home/niels/scratch/monetdb/Linux-x86_64/lib/monetdb5/createdb/20_vacuum.sql
# SQL loading sql scripts /home/niels/scratch/monetdb/Linux-x86_64/lib/monetdb5/createdb/21_dependency_functions.sql
# SQL loading sql scripts /home/niels/scratch/monetdb/Linux-x86_64/lib/monetdb5/createdb/22_clients.sql
# SQL loading sql scripts /home/niels/scratch/monetdb/Linux-x86_64/lib/monetdb5/createdb/23_skyserver.sql
# SQL loading sql scripts /home/niels/scratch/monetdb/Linux-x86_64/lib/monetdb5/createdb/24_zorder.sql
# SQL loading sql scripts /home/niels/scratch/monetdb/Linux-x86_64/lib/monetdb5/createdb/25_debug.sql
# SQL loading sql scripts /home/niels/scratch/monetdb/Linux-x86_64/lib/monetdb5/createdb/40_geom.sql
# SQL loading sql scripts /home/niels/scratch/monetdb/Linux-x86_64/lib/monetdb5/createdb/80_udf.sql
# SQL loading sql scripts /home/niels/scratch/monetdb/Linux-x86_64/lib/monetdb5/createdb/99_system.sql


# 19:55:25 >  
# 19:55:25 >  mclient -lsql -ftest -i -e --host=niels --port=37236 
# 19:55:25 >  

#create function angSep(ra1 double, dec1 double, ra2 double, dec2 double)
#returns double external name lsst.angsep;
#create function ptInSphBox(ra1 double, dec1 double, ra_min double,  dec_min double, ra_max double, dec_max double)
#returns int external name lsst.ptinsphbox;
#create function ptInSphEllipse(ra1 double, dec1 double , ra_cen double, dec_cen double, smaa double, smia double, ang double) 
#returns int external name lsst.ptinsphellipse;
#create function ptInSphCircle(ra1 double, dec1 double, ra_cen double, dec_cen double, radius double) 
#returns int external name lsst.ptinsphcircle;
#create function ptInSphPoly(ra1 double, dec1 double, list double)
#returns int external name lsst.ptinsphpoly;
#create filter function xmatch(a bigint, b bigint, opt int) external name lsst.xmatch;

# 19:55:26 >  
# 19:55:26 >  Done.
# 19:55:26 >  

