stdout of test 'clients01` in directory 'monetdb5/modules/mal` itself:


# 00:03:53 >  
# 00:03:53 >  Mtimeout -timeout 60 Mserver "--config=/ufs/mk/monet5/src/mal/Tests/All.conf" --debug=10 --set "monet_mod_path=/ufs/mk/monet5/Linux/lib/MonetDB5:/ufs/mk/opensource/MonetDB/Linux/lib/MonetDB" --set "gdk_dbfarm=/ufs/mk/opensource/MonetDB/Linux/var/MonetDB5/dbfarm" --set "sql_logdir=/ufs/mk/opensource/MonetDB/Linux/var/MonetDB5/log" --set mapi_port=33330 --set sql_port=49911 --set xquery_port=56575 --set monet_prompt= --trace --dbname=mTests_src_modules_mal  clients01.mal </dev/null
# 00:03:53 >  

# MonetDB server v5.9.0, based on kernel v1.27.0
# Serving database 'mTests_src_modules_mal', using 4 threads
# Compiled for x86_64-unknown-linux-gnu/64bit with 64bit OIDs dynamically linked
# Copyright (c) 1993-July 2008 CWI.
# Copyright (c) August 2008- MonetDB B.V., all rights reserved
# Visit http://monetdb.cwi.nl/ for further information
# Listening for connection requests on mapi:monetdb://eir.ins.cwi.nl:37931/
function user.main():void;
# inspect the clients population 
    d := clients.getId();
    io.print(d);
    (a,b) := clients.getInfo();
#io.print(i); 
#u:= clients.getUsers(); 
#io.print(u); 
#l:= clients.getLogins(); 
#io.print(l); 
end main;
[ 0 ]

# 00:03:53 >  
# 00:03:53 >  Done.
# 00:03:53 >  

