stdout of test 'iterator03` in directory 'monetdb5/modules/mal` itself:


# 00:03:53 >  
# 00:03:53 >  Mtimeout -timeout 60 Mserver "--config=/ufs/mk/monet5/src/mal/Tests/All.conf" --debug=10 --set "monet_mod_path=/ufs/mk/monet5/Linux/lib/MonetDB5:/ufs/mk/opensource/MonetDB/Linux/lib/MonetDB" --set "gdk_dbfarm=/ufs/mk/opensource/MonetDB/Linux/var/MonetDB5/dbfarm" --set "sql_logdir=/ufs/mk/opensource/MonetDB/Linux/var/MonetDB5/log" --set mapi_port=33330 --set sql_port=49911 --set xquery_port=56575 --set monet_prompt= --trace --dbname=mTests_src_modules_mal  chopper03.mal </dev/null
# 00:03:53 >  

# MonetDB server v5.9.0, based on kernel v1.27.0
# Serving database 'mTests_src_modules_mal', using 4 threads
# Compiled for x86_64-unknown-linux-gnu/64bit with 64bit OIDs dynamically linked
# Copyright (c) 1993-July 2008 CWI.
# Copyright (c) August 2008- MonetDB B.V., all rights reserved
# Visit http://monetdb.cwi.nl/ for further information
# Listening for connection requests on mapi:monetdb://eir.ins.cwi.nl:37931/
function user.main():void;
    t := bat.new(:oid,:url);
    cb_a := url.url("http://www.cwi.nl");
    db_a := bat.append(t,cb_a);
    eb_a := url.url("http://www.cwi.nl/~monet");
    fb_a := bat.append(t,eb_a);
    gb_a := url.url("http://www.cwi.nl/~mk/Acoi/doc/features.html");
    hb_a := bat.append(t,gb_a);
    ib_a := url.url("http://www.educ.uva.nl/schoolweb/rocloka.htm");
    jb_a := bat.append(t,ib_a);
    kb_a := url.url("http://www.nedstat.nl/cgi-bin/viewstat?name=Planetarium");
    lb_a := bat.append(t,kb_a);
    mb_a := url.url("http://www.edgeonline.com/");
    nb_a := bat.append(t,mb_a);
    ob_a := url.url("http://robotics.stanford.edu/icons/ ");
    pb_a := bat.append(t,ob_a);
    qb_a := io.print("build a table finished");
    io.print(t);
    io.print("start loop");
    c := 3:lng;
barrier (mloop,chunk) := iterator.new(t,c);
    io.print("next chunk");
    io.print(chunk);
    redo (mloop,chunk) := iterator.next(t,3:lng);
exit mloop;
end main;
[ "build a table finished" ]
#-------------------------------------------------------------------------#
# h	t								  # name
# int	url								  # type
#-------------------------------------------------------------------------#
[ 0@0,	  "http://www.cwi.nl"						  ]
[ 1@0,	  "http://www.cwi.nl/~monet"					  ]
[ 2@0,	  "http://www.cwi.nl/~mk/Acoi/doc/features.html"		  ]
[ 3@0,	  "http://www.educ.uva.nl/schoolweb/rocloka.htm"		  ]
[ 4@0,	  "http://www.nedstat.nl/cgi-bin/viewstat?name=Planetarium"	  ]
[ 5@0,	  "http://www.edgeonline.com/"					  ]
[ 6@0,	  "http://robotics.stanford.edu/icons/ "			  ]
[ "start loop" ]
[ "next chunk" ]
#---------------------------------------------------------#
# h	t						  # name
# void			url						  # type
#---------------------------------------------------------#
[ 0@0,	  "http://www.cwi.nl"				  ]
[ 1@0,	  "http://www.cwi.nl/~monet"			  ]
[ 2@0,	  "http://www.cwi.nl/~mk/Acoi/doc/features.html"  ]
[ "next chunk" ]
#-------------------------------------------------------------------------#
# h	t								  # name
# int	url								  # type
#-------------------------------------------------------------------------#
[ 3@0,	  "http://www.educ.uva.nl/schoolweb/rocloka.htm"		  ]
[ 4@0,	  "http://www.nedstat.nl/cgi-bin/viewstat?name=Planetarium"	  ]
[ 5@0,	  "http://www.edgeonline.com/"					  ]
[ "next chunk" ]
#-------------------------------------------------#
# h	t					  # name
# int	url					  # type
#-------------------------------------------------#
[ 6@0,	  "http://robotics.stanford.edu/icons/ "  ]

# 00:03:53 >  
# 00:03:53 >  Done.
# 00:03:53 >  

