stdout of test 'printf` in directory 'monetdb5/modules/mal` itself:


# 00:29:00 >  
# 00:29:00 >   mserver5 "--config=/ufs/mk/monet5//Linux/etc/monetdb5.conf" --debug=10 --set gdk_nr_threads=0 --set "monet_mod_path=/ufs/mk/monet5//Linux/lib/MonetDB5:/ufs/mk/monet5//Linux/lib/MonetDB5/lib:/ufs/mk/monet5//Linux/lib/MonetDB5/bin" --set "gdk_dbfarm=/ufs/mk/monet5//Linux/var/MonetDB5/dbfarm" --set "sql_logdir=/ufs/mk/monet5//Linux/var/MonetDB5/sql_logs"  --set mapi_open=true --set xrpc_open=true --set mapi_port=35839 --set xrpc_port=47139 --set monet_prompt= --trace  --dbname=mTests_src_modules_mal  printf.mal
# 00:29:00 >  

# MonetDB server v5.9.0, based on kernel v1.27.0
# Serving database 'mTests_src_modules_mal', using 4 threads
# Compiled for x86_64-unknown-linux-gnu/64bit with 64bit OIDs dynamically linked
# Copyright (c) 1993-July 2008 CWI.
# Copyright (c) August 2008- MonetDB B.V., all rights reserved
# Visit http://monetdb.cwi.nl/ for further information
# Listening for connection requests on mapi:monetdb://eir.ins.cwi.nl:37931/
function user.main():void;
#some tests for the printf support 
    i := 1;
    in := nil:int;
    io.printf("int %d %d\n",i,in);
    io.printf("int %d %d %d %d\n",i,in,i,in);
    f := 3.1400001;
    if := nil:flt;
    io.printf("float mix %f %d\n",f,if);
    l := 1:lng;
    il := nil:lng;
    io.printf("long mix %d %d\n",l,il);
    b := true;
    ib := nil:bit;
    io.printf("bit mix %d %d\n",b,ib);
end main;
int 1 nil
int 1 nil 1 nil
float mix 3.140000 nil
long mix 1 nil
bit mix 1 nil

# 00:29:00 >  
# 00:29:00 >  Done.
# 00:29:00 >  

