stdout of test 'remote06` in directory 'monetdb5/modules/mal` itself:


# 20:53:23 >  
# 20:53:23 >   mserver5 "--config=/export/scratch/stripe/fabian/monetdb/current/program-i86pc/etc/monetdb5.conf" --debug=10 --set gdk_nr_threads=0 --set "monet_mod_path=/export/scratch/stripe/fabian/monetdb/current/program-i86pc/lib/MonetDB5:/export/scratch/stripe/fabian/monetdb/current/program-i86pc/lib/MonetDB5/lib:/export/scratch/stripe/fabian/monetdb/current/program-i86pc/lib/MonetDB5/bin" --set "gdk_dbfarm=/export/scratch/stripe/fabian/monetdb/current/mtest-pegasus/five/dbfarm" --set "sql_logdir=/export/scratch/stripe/fabian/monetdb/current/mtest-pegasus/five/sqllog" --set "xquery_logdir=/export/scratch/stripe/fabian/monetdb/current/mtest-pegasus/five/xquerylog" --set mapi_open=true --set xrpc_open=true --set mapi_port=36372 --set xrpc_port=44624 --set monet_prompt= --trace  --dbname=mTests_src_modules_mal  remote06.mal
# 20:53:23 >  

# MonetDB server v5.9.0, based on kernel v1.27.0
# Serving database 'mTests_src_modules_mal', using 1 thread
# Compiled for x86_64-pc-solaris2.11/64bit with 64bit OIDs dynamically linked
# Copyright (c) 1993-July 2008 CWI.
# Copyright (c) August 2008- MonetDB B.V., all rights reserved
# Visit http://monetdb.cwi.nl/ for further information
# Listening for connection requests on mapi:monetdb://pegasus:36372/
function user.main():void;
# let connect figure out itself how to connect to the running db 
    uri := sabaoth.getLocalConnectionURI();
# create a persistent connecton to ourself 
    conn1:str  := remote.connect(uri,"monetdb","monetdb");
# do it again ... 
    conn2:str  := remote.connect(uri,"monetdb","monetdb");
# ... and check they are not the same 
barrier if := calc.==(conn1,conn2);
    io.printf("!oops: %s == %s\n",conn1,conn2);
exit if;
    b := bat.new(:oid,:int);
    bat.append(b,1);
    rb1 := remote.put(conn1,b);
    bat.append(b,3);
    rb2 := remote.put(conn2,b);
    lb1:bat[:oid,:int]  := remote.get(conn1,rb1);
    lb2:bat[:oid,:int]  := remote.get(conn2,rb2);
    io.print(lb1);
    io.print(lb2);
# help testweb a bit, since currently no cleanup is done on server 
# shutdown 
    remote.disconnect(conn1);
    remote.disconnect(conn2);
end main;
#-----------------#
# h	t	  # name
# int	int	  # type
#-----------------#
[ 0@0,	  1	  ]
#-----------------#
# h	t	  # name
# int	int	  # type
#-----------------#
[ 0@0,	  1	  ]
[ 1@0,	  3	  ]

# 20:53:23 >  
# 20:53:23 >  Done.
# 20:53:23 >  

