stdout of test '22` in directory 'sql/benchmarks/tpch` itself:


# 16:02:06 >  
# 16:02:06 >   mserver5 "--config=/ufs/niels/scratch/monetdb/Linux-x86_64/etc/monetdb5.conf" --debug=10 --set gdk_nr_threads=4 --set "monet_mod_path=/ufs/niels/scratch/monetdb/Linux-x86_64/lib/MonetDB5:/ufs/niels/scratch/monetdb/Linux-x86_64/lib/MonetDB5/lib:/ufs/niels/scratch/monetdb/Linux-x86_64/lib/MonetDB5/bin" --set "gdk_dbfarm=/ufs/niels/scratch/monetdb/Linux-x86_64/var/MonetDB5/dbfarm" --set "sql_logdir=/ufs/niels/scratch/monetdb/Linux-x86_64/var/MonetDB5/sql_logs"  --set mapi_open=true --set xrpc_open=true --set mapi_port=34442 --set xrpc_port=47029 --set monet_prompt= --trace  "--dbname=mTests_src_benchmarks_tpch" --set mal_listing=0 "--dbinit= include sql;" ; echo ; echo Over..
# 16:02:06 >  

# MonetDB server v5.7.0, based on kernel v1.25.0
# Serving database 'mTests_src_benchmarks_tpch', using 4 threads
# Compiled for x86_64-unknown-linux-gnu/64bit with 64bit OIDs dynamically linked
# Copyright (c) 1993-2008 CWI, all rights reserved
# Visit http://monetdb.cwi.nl/ for further information
# Listening for connection requests on mapi:monetdb://alf.ins.cwi.nl:34442/
# MonetDB/SQL module v2.25.0 loaded

Ready.
#function user.main():void;
#    clients.quit();
#end main;


# 11:48:05 >  
# 11:48:05 >  Mtimeout -timeout 60 MapiClient -lsql -umonetdb -Pmonetdb --host=localhost --port=35781  < 22.sql
# 11:48:05 >  

% sys.custsale,	sys.custsale,	sys.custsale # table_name
% cntrycode,	numcust,	totacctbal # name
% varchar,	wrd,	decimal # type
% 2,	2,	17 # length
[ "13",	10,	75359.29	]
[ "17",	8,	62288.98	]
[ "18",	14,	111072.45	]
[ "23",	5,	40458.86	]
[ "29",	11,	88722.85	]
[ "30",	17,	122189.33	]
[ "31",	8,	66313.16	]
% .stats,	.stats # table_name
% rewrite,	count # name
% clob,	int # type
% 7,	1 # length
[ "joinidx",	0	]

# 09:17:21 >  
# 09:17:21 >  Done.
# 09:17:21 >  

